Subprocess stdout: Running in subprocess, Python version: 3.13.5 | packaged by Anaconda, Inc. | (main, Jun 12 2025, 16:09:02) [GCC 11.2.0]
Program path: openevolve_output/budget2_gpt56_open3_circle_packing/circle_packing/shinkaevolve/seed75/gen_15/main.py
Calling run_packing()...
Error in subprocess: The number of bounds is not compatible with the length of `x0`.
Error saved to /tmp/tmpwxkozcwk.py.results

Subprocess stderr: Traceback (most recent call last):
  File "/home/chenhui/efficient-evolve/.venv/lib/python3.13/site-packages/scipy/optimize/_minimize.py", line 1114, in _validate_bounds
    bounds.lb = np.broadcast_to(bounds.lb, x0.shape)
                ~~~~~~~~~~~~~~~^^^^^^^^^^^^^^^^^^^^^
  File "/home/chenhui/efficient-evolve/.venv/lib/python3.13/site-packages/numpy/lib/_stride_tricks_impl.py", line 443, in broadcast_to
    return _broadcast_to(array, shape, subok=subok, readonly=True)
  File "/home/chenhui/efficient-evolve/.venv/lib/python3.13/site-packages/numpy/lib/_stride_tricks_impl.py", line 382, in _broadcast_to
    it = np.nditer(
        (array,), flags=['multi_index', 'refs_ok', 'zerosize_ok'] + extras,
        op_flags=['readonly'], itershape=shape, order='C')
ValueError: operands could not be broadcast together with remapped shapes [original->remapped]: (78,)  and requested shape (76,)

The above exception was the direct cause of the following exception:

Traceback (most recent call last):
  File "/tmp/tmpwxkozcwk.py", line 23, in <module>
    centers, radii, sum_radii = program.run_packing()
                                ~~~~~~~~~~~~~~~~~~~^^
  File "/home/chenhui/efficient-evolve/openevolve_output/budget2_gpt56_open3_circle_packing/circle_packing/shinkaevolve/seed75/gen_15/main.py", line 311, in run_packing
    centers, radii, sum_radii = construct_packing()
                                ~~~~~~~~~~~~~~~~~^^
  File "/home/chenhui/efficient-evolve/openevolve_output/budget2_gpt56_open3_circle_packing/circle_packing/shinkaevolve/seed75/gen_15/main.py", line 295, in construct_packing
    centers, radii = _solve_one(_seed_layout(layout, number))
                     ~~~~~~~~~~^^^^^^^^^^^^^^^^^^^^^^^^^^^^^^
  File "/home/chenhui/efficient-evolve/openevolve_output/budget2_gpt56_open3_circle_packing/circle_packing/shinkaevolve/seed75/gen_15/main.py", line 224, in _solve_one
    first = minimize(
        objective,
    ...<5 lines>...
        options={"maxiter": 850, "ftol": 5e-11, "disp": False},
    )
  File "/home/chenhui/efficient-evolve/.venv/lib/python3.13/site-packages/scipy/optimize/_minimize.py", line 705, in minimize
    bounds = _validate_bounds(bounds, x0, meth)
  File "/home/chenhui/efficient-evolve/.venv/lib/python3.13/site-packages/scipy/optimize/_minimize.py", line 1117, in _validate_bounds
    raise ValueError(msg) from e
ValueError: The number of bounds is not compatible with the length of `x0`.

Evaluation failed completely: Program execution failed: The number of bounds is not compatible with the length of `x0`.
