Subprocess stdout: Running in subprocess, Python version: 3.13.11 | packaged by Anaconda, Inc. | (main, Dec 10 2025, 21:28:48) [GCC 14.3.0]
Program path: new_output/txn_scheduling/shinkaevolve/seed75/gen_42/main.py
Calling scheduling()...
Error in subprocess: too many values to unpack (expected 4)
Error saved to /tmp/tmp6hbk15ku.py.results

Subprocess stderr: Traceback (most recent call last):
  File "/tmp/tmp6hbk15ku.py", line 25, in <module>
    makespan, schedule = program.get_random_costs()
                         ~~~~~~~~~~~~~~~~~~~~~~~~^^
  File "/home/chenhui/efficient-evolve/new_output/txn_scheduling/shinkaevolve/seed75/gen_42/main.py", line 178, in get_random_costs
    makespan1, schedule1 = get_best_schedule(workload, 10)
                           ~~~~~~~~~~~~~~~~~^^^^^^^^^^^^^^
  File "/home/chenhui/efficient-evolve/new_output/txn_scheduling/shinkaevolve/seed75/gen_42/main.py", line 165, in get_best_schedule
    cost, seq = local_search_insertion(seq, cost)
                ~~~~~~~~~~~~~~~~~~~~~~^^^^^^^^^^^
  File "/home/chenhui/efficient-evolve/new_output/txn_scheduling/shinkaevolve/seed75/gen_42/main.py", line 128, in local_search_insertion
    kind, i, j, c = best_move
    ^^^^^^^^^^^^^
ValueError: too many values to unpack (expected 4)

Evaluation failed completely: Program execution failed: too many values to unpack (expected 4)
