Subprocess stdout: Running in subprocess, Python version: 3.13.5 | packaged by Anaconda, Inc. | (main, Jun 12 2025, 16:09:02) [GCC 11.2.0]
Program path: openevolve_output/budget2_glm53_lazy_k3m3_circle_packing/circle_packing/shinkaevolve_benchmark_prompt_budget1/seed74/gen_39/main.py
Calling run_packing()...
Error in subprocess: name 'time' is not defined
Error saved to /tmp/tmp8cfch20b.py.results

Subprocess stderr: Traceback (most recent call last):
  File "/tmp/tmp8cfch20b.py", line 23, in <module>
    centers, radii, sum_radii = program.run_packing()
                                ~~~~~~~~~~~~~~~~~~~^^
  File "/home/chenhui/efficient-evolve/openevolve_output/budget2_glm53_lazy_k3m3_circle_packing/circle_packing/shinkaevolve_benchmark_prompt_budget1/seed74/gen_39/main.py", line 310, in run_packing
    centers, radii, sum_radii = construct_packing()
                                ~~~~~~~~~~~~~~~~~^^
  File "/home/chenhui/efficient-evolve/openevolve_output/budget2_glm53_lazy_k3m3_circle_packing/circle_packing/shinkaevolve_benchmark_prompt_budget1/seed74/gen_39/main.py", line 276, in construct_packing
    bc, br, bt = hill_climb(c0, sub_deadline, seed=1000 + idx)
                 ~~~~~~~~~~^^^^^^^^^^^^^^^^^^^^^^^^^^^^^^^^^^^
  File "/home/chenhui/efficient-evolve/openevolve_output/budget2_glm53_lazy_k3m3_circle_packing/circle_packing/shinkaevolve_benchmark_prompt_budget1/seed74/gen_39/main.py", line 194, in hill_climb
    while time.time() < deadline:
          ^^^^
NameError: name 'time' is not defined. Did you forget to import 'time'?

Evaluation failed completely: Program execution failed: name 'time' is not defined
