Subprocess stdout: Running in subprocess, Python version: 3.13.5 | packaged by Anaconda, Inc. | (main, Jun 12 2025, 16:09:02) [GCC 11.2.0]
Program path: openevolve_output/budget2_glm53_lazy_k3m3_circle_packing/circle_packing/shinkaevolve_benchmark_prompt_budget1/seed74/gen_19/main.py
Calling run_packing()...
Error in subprocess: all index and data arrays must have the same length
Error saved to /tmp/tmpjz89uvc3.py.results

Subprocess stderr: Traceback (most recent call last):
  File "/tmp/tmpjz89uvc3.py", line 23, in <module>
    centers, radii, sum_radii = program.run_packing()
                                ~~~~~~~~~~~~~~~~~~~^^
  File "/home/chenhui/efficient-evolve/openevolve_output/budget2_glm53_lazy_k3m3_circle_packing/circle_packing/shinkaevolve_benchmark_prompt_budget1/seed74/gen_19/main.py", line 137, in run_packing
    centers, radii, sum_radii = construct_packing()
                                ~~~~~~~~~~~~~~~~~^^
  File "/home/chenhui/efficient-evolve/openevolve_output/budget2_glm53_lazy_k3m3_circle_packing/circle_packing/shinkaevolve_benchmark_prompt_budget1/seed74/gen_19/main.py", line 19, in construct_packing
    radii, total = _solve_radii_lp(centers)
                   ~~~~~~~~~~~~~~~^^^^^^^^^
  File "/home/chenhui/efficient-evolve/openevolve_output/budget2_glm53_lazy_k3m3_circle_packing/circle_packing/shinkaevolve_benchmark_prompt_budget1/seed74/gen_19/main.py", line 75, in _solve_radii_lp
    A = csr_matrix((data, (rows_idx, cols_idx)), shape=(m, n))
  File "/home/chenhui/efficient-evolve/.venv/lib/python3.13/site-packages/scipy/sparse/_compressed.py", line 57, in __init__
    coo = self._coo_container(arg1, shape=shape, dtype=dtype)
  File "/home/chenhui/efficient-evolve/.venv/lib/python3.13/site-packages/scipy/sparse/_coo.py", line 103, in __init__
    self._check()
    ~~~~~~~~~~~^^
  File "/home/chenhui/efficient-evolve/.venv/lib/python3.13/site-packages/scipy/sparse/_coo.py", line 221, in _check
    if self.nnz > 0:
       ^^^^^^^^
  File "/home/chenhui/efficient-evolve/.venv/lib/python3.13/site-packages/scipy/sparse/_base.py", line 373, in nnz
    return self._getnnz()
           ~~~~~~~~~~~~^^
  File "/home/chenhui/efficient-evolve/.venv/lib/python3.13/site-packages/scipy/sparse/_coo.py", line 171, in _getnnz
    raise ValueError('all index and data arrays must have the '
                     'same length')
ValueError: all index and data arrays must have the same length

Evaluation failed completely: Program execution failed: all index and data arrays must have the same length
