Subprocess stdout: Running in subprocess, Python version: 3.13.5 | packaged by Anaconda, Inc. | (main, Jun 12 2025, 16:09:02) [GCC 11.2.0]
Program path: openevolve_output/budget2_glm53_lazy_k3m3_circle_packing/circle_packing/shinkaevolve_benchmark_prompt_budget1/seed74/gen_4/main.py
Calling run_packing()...
Error in subprocess: operands could not be broadcast together with shapes (26,2) (26,) (26,) 
Error saved to /tmp/tmp6_iiau_l.py.results

Subprocess stderr: Traceback (most recent call last):
  File "/tmp/tmp6_iiau_l.py", line 23, in <module>
    centers, radii, sum_radii = program.run_packing()
                                ~~~~~~~~~~~~~~~~~~~^^
  File "/home/chenhui/efficient-evolve/openevolve_output/budget2_glm53_lazy_k3m3_circle_packing/circle_packing/shinkaevolve_benchmark_prompt_budget1/seed74/gen_4/main.py", line 113, in run_packing
    centers, radii, sum_radii = construct_packing()
                                ~~~~~~~~~~~~~~~~~^^
  File "/home/chenhui/efficient-evolve/openevolve_output/budget2_glm53_lazy_k3m3_circle_packing/circle_packing/shinkaevolve_benchmark_prompt_budget1/seed74/gen_4/main.py", line 57, in construct_packing
    centers = np.clip(centers, radii, 1 - radii)
  File "/home/chenhui/efficient-evolve/.venv/lib/python3.13/site-packages/numpy/_core/fromnumeric.py", line 2296, in clip
    return _wrapfunc(a, 'clip', a_min, a_max, out=out, **kwargs)
  File "/home/chenhui/efficient-evolve/.venv/lib/python3.13/site-packages/numpy/_core/fromnumeric.py", line 54, in _wrapfunc
    return bound(*args, **kwds)
  File "/home/chenhui/efficient-evolve/.venv/lib/python3.13/site-packages/numpy/_core/_methods.py", line 113, in _clip
    return um.clip(a, min, max, out=out, **kwargs)
           ~~~~~~~^^^^^^^^^^^^^^^^^^^^^^^^^^^^^^^^
ValueError: operands could not be broadcast together with shapes (26,2) (26,) (26,) 

Evaluation failed completely: Program execution failed: operands could not be broadcast together with shapes (26,2) (26,) (26,) 
