Subprocess stdout: Running in subprocess, Python version: 3.13.5 | packaged by Anaconda, Inc. | (main, Jun 12 2025, 16:09:02) [GCC 11.2.0]
Program path: openevolve_output/budget2_glm53_lazy_k3m3_circle_packing/circle_packing/shinkaevolve_benchmark_prompt_budget1/seed74/gen_9/main.py
Calling run_packing()...
Error in subprocess: shape mismatch: value array of shape (52,) could not be broadcast to indexing result of shape (26,)
Error saved to /tmp/tmpou2lh0dw.py.results

Subprocess stderr: Traceback (most recent call last):
  File "/tmp/tmpou2lh0dw.py", line 23, in <module>
    centers, radii, sum_radii = program.run_packing()
                                ~~~~~~~~~~~~~~~~~~~^^
  File "/home/chenhui/efficient-evolve/openevolve_output/budget2_glm53_lazy_k3m3_circle_packing/circle_packing/shinkaevolve_benchmark_prompt_budget1/seed74/gen_9/main.py", line 152, in run_packing
    centers, radii, sum_radii = construct_packing()
                                ~~~~~~~~~~~~~~~~~^^
  File "/home/chenhui/efficient-evolve/openevolve_output/budget2_glm53_lazy_k3m3_circle_packing/circle_packing/shinkaevolve_benchmark_prompt_budget1/seed74/gen_9/main.py", line 133, in construct_packing
    c, r = refine_centers(centers0, steps=500, seed=seed)
           ~~~~~~~~~~~~~~^^^^^^^^^^^^^^^^^^^^^^^^^^^^^^^^
  File "/home/chenhui/efficient-evolve/openevolve_output/budget2_glm53_lazy_k3m3_circle_packing/circle_packing/shinkaevolve_benchmark_prompt_budget1/seed74/gen_9/main.py", line 99, in refine_centers
    best_r = ensure_valid(best, solve_radii_lp(best))
                                ~~~~~~~~~~~~~~^^^^^^
  File "/home/chenhui/efficient-evolve/openevolve_output/budget2_glm53_lazy_k3m3_circle_packing/circle_packing/shinkaevolve_benchmark_prompt_budget1/seed74/gen_9/main.py", line 43, in solve_radii_lp
    b[rows] = wall.reshape(n, 4)[:, k] if wall.size == 4 * n else wall
    ~^^^^^^
ValueError: shape mismatch: value array of shape (52,) could not be broadcast to indexing result of shape (26,)

Evaluation failed completely: Program execution failed: shape mismatch: value array of shape (52,) could not be broadcast to indexing result of shape (26,)
