Subprocess stdout: Running in subprocess, Python version: 3.13.5 | packaged by Anaconda, Inc. | (main, Jun 12 2025, 16:09:02) [GCC 11.2.0]
Program path: openevolve_output/budget1_gpt56_baselines_txn_scheduling/txn_scheduling/shinkaevolve/seed74/gen_24/main.py
Calling scheduling()...
Error in subprocess: 67
Error saved to /tmp/tmp8qih_v9j.py.results

Subprocess stderr: Traceback (most recent call last):
  File "/tmp/tmp8qih_v9j.py", line 25, in <module>
    makespan, schedule = program.get_random_costs()
                         ~~~~~~~~~~~~~~~~~~~~~~~~^^
  File "/home/chenhui/efficient-evolve/openevolve_output/budget1_gpt56_baselines_txn_scheduling/txn_scheduling/shinkaevolve/seed74/gen_24/main.py", line 225, in get_random_costs
    makespan1, schedule1 = get_best_schedule(workload, 10)
                           ~~~~~~~~~~~~~~~~~^^^^^^^^^^^^^^
  File "/home/chenhui/efficient-evolve/openevolve_output/budget1_gpt56_baselines_txn_scheduling/txn_scheduling/shinkaevolve/seed74/gen_24/main.py", line 91, in get_best_schedule
    remaining.remove(current[[i for i, x in enumerate(current)
    ~~~~~~~~~~~~~~~~^^^^^^^^^^^^^^^^^^^^^^^^^^^^^^^^^^^^^^^^^^
                              if x not in current[:i]][-1]]
                              ^^^^^^^^^^^^^^^^^^^^^^^^^^^^^
    ...<2 lines>...
                         set(current[:-1]) or txn == current[-1]
                         ^^^^^^^^^^^^^^^^^^^^^^^^^^^^^^^^^^^^^^^
                     ))
                     ^^
KeyError: 67

Evaluation failed completely: Program execution failed: 67
